[32m   0.006	            core	[Info]	               dji_core.c:113  Payload SDK Version : V3.15.0-beta.0-build.2318 Dec 10 2025 17:27:05[0m
[37m   0.006	          linker	[Debug]	             dji_linker.c:129  init linker success, protocol:2, channelId:3[0m
[37m   0.006	          linker	[Debug]	        dji_protocol_v1.c:189  <0000>V1-Send: 0x0503->0x0801 0x0000[0m
[37m   0.007	           utils	[Debug]	          dji_root_task.c:131  work execution time:[0m
[37m   0.007	           utils	[Debug]	          dji_root_task.c:132  name	                execution time (ms)	  max execution time (ms)[0m
[37m   0.007	           utils	[Debug]	          dji_root_task.c:134  recorderWork                    	0       	0       [0m
[37m   0.007	           utils	[Debug]	          dji_root_task.c:134  flowControllerTask              	0       	0       [0m
[37m   0.107	          linker	[Debug]	             dji_linker.c:171  deinit linker success, protocol:2, channelId:3[0m
[37m   0.107	         adapter	[Debug]	     dji_access_adapter.c:1291 Try (p, s, r, c) = (2, 0x0503, 0x0801, 0x0001)[0m
[37m   0.107	          linker	[Debug]	           dji_protocol.c:83   set V1 Wrap V3 Flag true[0m
[37m   0.107	          linker	[Debug]	             dji_linker.c:129  init linker success, protocol:2, channelId:1[0m
[37m   0.107	          linker	[Debug]	        dji_protocol_v1.c:482  0x0503 convert to 0:0x0503[0m
[37m   0.107	          linker	[Debug]	        dji_protocol_v1.c:482  0x0801 convert to 0:0x0801[0m
[37m   0.107	          linker	[Debug]	        dji_protocol_v3.c:266  <0000>V3-Send: 00:003F:001E:0x0503 -> 00:003F:001E:0x0801 0x0001, tLen 21 dLen 0[0m
[37m   1.070	           utils	[Debug]	          dji_root_task.c:131  work execution time:[0m
[37m   1.070	           utils	[Debug]	          dji_root_task.c:132  name	                execution time (ms)	  max execution time (ms)[0m
[37m   1.070	           utils	[Debug]	          dji_root_task.c:134  recorderWork                    	0       	0       [0m
[37m   1.070	           utils	[Debug]	          dji_root_task.c:134  flowControllerTask              	0       	0       [0m
[37m   2.153	           utils	[Debug]	          dji_root_task.c:131  work execution time:[0m
[37m   2.153	           utils	[Debug]	          dji_root_task.c:132  name	                execution time (ms)	  max execution time (ms)[0m
[37m   2.153	           utils	[Debug]	          dji_root_task.c:134  recorderWork                    	1       	1       [0m
[37m   2.153	           utils	[Debug]	          dji_root_task.c:134  flowControllerTask              	0       	0       [0m
[37m   3.221	           utils	[Debug]	          dji_root_task.c:131  work execution time:[0m
[37m   3.221	           utils	[Debug]	          dji_root_task.c:132  name	                execution time (ms)	  max execution time (ms)[0m
[37m   3.221	           utils	[Debug]	          dji_root_task.c:134  recorderWork                    	0       	1       [0m
[37m   3.221	           utils	[Debug]	          dji_root_task.c:134  flowControllerTask              	0       	0       [0m
[37m   4.284	           utils	[Debug]	          dji_root_task.c:131  work execution time:[0m
[37m   4.284	           utils	[Debug]	          dji_root_task.c:132  name	                execution time (ms)	  max execution time (ms)[0m
[37m   4.284	           utils	[Debug]	          dji_root_task.c:134  recorderWork                    	0       	1       [0m
[37m   4.284	           utils	[Debug]	          dji_root_task.c:134  flowControllerTask              	0       	0       [0m
[37m   5.348	           utils	[Debug]	          dji_root_task.c:131  work execution time:[0m
[37m   5.348	           utils	[Debug]	          dji_root_task.c:132  name	                execution time (ms)	  max execution time (ms)[0m
[37m   5.348	           utils	[Debug]	          dji_root_task.c:134  recorderWork                    	0       	1       [0m
[37m   5.348	           utils	[Debug]	          dji_root_task.c:134  flowControllerTask              	0       	0       [0m
[37m   6.409	           utils	[Debug]	          dji_root_task.c:131  work execution time:[0m
[37m   6.409	           utils	[Debug]	          dji_root_task.c:132  name	                execution time (ms)	  max execution time (ms)[0m
[37m   6.409	           utils	[Debug]	          dji_root_task.c:134  recorderWork                    	0       	1       [0m
[37m   6.409	           utils	[Debug]	          dji_root_task.c:134  flowControllerTask              	0       	0       [0m
[37m   7.482	           utils	[Debug]	          dji_root_task.c:131  work execution time:[0m
[37m   7.482	           utils	[Debug]	          dji_root_task.c:132  name	                execution time (ms)	  max execution time (ms)[0m
[37m   7.482	           utils	[Debug]	          dji_root_task.c:134  recorderWork                    	0       	1       [0m
[37m   7.482	           utils	[Debug]	          dji_root_task.c:134  flowControllerTask              	0       	0       [0m
[37m   8.553	           utils	[Debug]	          dji_root_task.c:131  work execution time:[0m
[37m   8.553	           utils	[Debug]	          dji_root_task.c:132  name	                execution time (ms)	  max execution time (ms)[0m
[37m   8.553	           utils	[Debug]	          dji_root_task.c:134  recorderWork                    	1       	1       [0m
[37m   8.553	           utils	[Debug]	          dji_root_task.c:134  flowControllerTask              	1       	1       [0m
