[32m   0.014	            core	[Info]	               dji_core.c:113  Payload SDK Version : V3.15.0-beta.0-build.2318 Dec 10 2025 17:27:05[0m
[37m   0.014	          linker	[Debug]	             dji_linker.c:129  init linker success, protocol:2, channelId:3[0m
[37m   0.015	          linker	[Debug]	        dji_protocol_v1.c:189  <0000>V1-Send: 0x0503->0x0801 0x0000[0m
[37m   0.015	           utils	[Debug]	          dji_root_task.c:131  work execution time:[0m
[37m   0.015	           utils	[Debug]	          dji_root_task.c:132  name	                execution time (ms)	  max execution time (ms)[0m
[37m   0.015	           utils	[Debug]	          dji_root_task.c:134  recorderWork                    	0       	0       [0m
[37m   0.015	           utils	[Debug]	          dji_root_task.c:134  flowControllerTask              	0       	0       [0m
[37m   0.115	          linker	[Debug]	             dji_linker.c:171  deinit linker success, protocol:2, channelId:3[0m
[37m   0.115	         adapter	[Debug]	     dji_access_adapter.c:1291 Try (p, s, r, c) = (2, 0x0503, 0x0801, 0x0001)[0m
[37m   0.115	          linker	[Debug]	           dji_protocol.c:83   set V1 Wrap V3 Flag true[0m
[37m   0.116	          linker	[Debug]	             dji_linker.c:129  init linker success, protocol:2, channelId:1[0m
[37m   0.116	          linker	[Debug]	        dji_protocol_v1.c:482  0x0503 convert to 0:0x0503[0m
[37m   0.116	          linker	[Debug]	        dji_protocol_v1.c:482  0x0801 convert to 0:0x0801[0m
[37m   0.116	          linker	[Debug]	        dji_protocol_v3.c:266  <0000>V3-Send: 00:003F:001E:0x0503 -> 00:003F:001E:0x0801 0x0001, tLen 21 dLen 0[0m
[37m   1.103	           utils	[Debug]	          dji_root_task.c:131  work execution time:[0m
[37m   1.103	           utils	[Debug]	          dji_root_task.c:132  name	                execution time (ms)	  max execution time (ms)[0m
[37m   1.103	           utils	[Debug]	          dji_root_task.c:134  recorderWork                    	0       	0       [0m
[37m   1.103	           utils	[Debug]	          dji_root_task.c:134  flowControllerTask              	1       	1       [0m
[37m   2.187	           utils	[Debug]	          dji_root_task.c:131  work execution time:[0m
[37m   2.187	           utils	[Debug]	          dji_root_task.c:132  name	                execution time (ms)	  max execution time (ms)[0m
[37m   2.187	           utils	[Debug]	          dji_root_task.c:134  recorderWork                    	0       	0       [0m
[37m   2.187	           utils	[Debug]	          dji_root_task.c:134  flowControllerTask              	1       	1       [0m
[37m   3.272	           utils	[Debug]	          dji_root_task.c:131  work execution time:[0m
[37m   3.272	           utils	[Debug]	          dji_root_task.c:132  name	                execution time (ms)	  max execution time (ms)[0m
[37m   3.272	           utils	[Debug]	          dji_root_task.c:134  recorderWork                    	0       	0       [0m
[37m   3.272	           utils	[Debug]	          dji_root_task.c:134  flowControllerTask              	1       	1       [0m
[37m   4.337	           utils	[Debug]	          dji_root_task.c:131  work execution time:[0m
[37m   4.337	           utils	[Debug]	          dji_root_task.c:132  name	                execution time (ms)	  max execution time (ms)[0m
[37m   4.337	           utils	[Debug]	          dji_root_task.c:134  recorderWork                    	0       	0       [0m
[37m   4.337	           utils	[Debug]	          dji_root_task.c:134  flowControllerTask              	0       	1       [0m
[37m   5.398	           utils	[Debug]	          dji_root_task.c:131  work execution time:[0m
[37m   5.399	           utils	[Debug]	          dji_root_task.c:132  name	                execution time (ms)	  max execution time (ms)[0m
[37m   5.399	           utils	[Debug]	          dji_root_task.c:134  recorderWork                    	0       	0       [0m
[37m   5.399	           utils	[Debug]	          dji_root_task.c:134  flowControllerTask              	0       	1       [0m
[37m   6.460	           utils	[Debug]	          dji_root_task.c:131  work execution time:[0m
[37m   6.460	           utils	[Debug]	          dji_root_task.c:132  name	                execution time (ms)	  max execution time (ms)[0m
[37m   6.460	           utils	[Debug]	          dji_root_task.c:134  recorderWork                    	0       	0       [0m
[37m   6.460	           utils	[Debug]	          dji_root_task.c:134  flowControllerTask              	0       	1       [0m
[37m   7.523	           utils	[Debug]	          dji_root_task.c:131  work execution time:[0m
[37m   7.523	           utils	[Debug]	          dji_root_task.c:132  name	                execution time (ms)	  max execution time (ms)[0m
[37m   7.523	           utils	[Debug]	          dji_root_task.c:134  recorderWork                    	0       	0       [0m
[37m   7.523	           utils	[Debug]	          dji_root_task.c:134  flowControllerTask              	0       	1       [0m
[37m   8.599	           utils	[Debug]	          dji_root_task.c:131  work execution time:[0m
[37m   8.600	           utils	[Debug]	          dji_root_task.c:132  name	                execution time (ms)	  max execution time (ms)[0m
[37m   8.600	           utils	[Debug]	          dji_root_task.c:134  recorderWork                    	0       	0       [0m
[37m   8.600	           utils	[Debug]	          dji_root_task.c:134  flowControllerTask              	0       	1       [0m
[37m   9.684	           utils	[Debug]	          dji_root_task.c:131  work execution time:[0m
[37m   9.684	           utils	[Debug]	          dji_root_task.c:132  name	                execution time (ms)	  max execution time (ms)[0m
[37m   9.684	           utils	[Debug]	          dji_root_task.c:134  recorderWork                    	1       	1       [0m
[37m   9.684	           utils	[Debug]	          dji_root_task.c:134  flowControllerTask              	0       	1       [0m
[37m  10.767	           utils	[Debug]	          dji_root_task.c:131  work execution time:[0m
[37m  10.767	           utils	[Debug]	          dji_root_task.c:132  name	                execution time (ms)	  max execution time (ms)[0m
[37m  10.767	           utils	[Debug]	          dji_root_task.c:134  recorderWork                    	0       	1       [0m
[37m  10.767	           utils	[Debug]	          dji_root_task.c:134  flowControllerTask              	0       	1       [0m
[37m  11.849	           utils	[Debug]	          dji_root_task.c:131  work execution time:[0m
[37m  11.849	           utils	[Debug]	          dji_root_task.c:132  name	                execution time (ms)	  max execution time (ms)[0m
[37m  11.849	           utils	[Debug]	          dji_root_task.c:134  recorderWork                    	1       	1       [0m
[37m  11.849	           utils	[Debug]	          dji_root_task.c:134  flowControllerTask              	0       	1       [0m
[37m  12.936	           utils	[Debug]	          dji_root_task.c:131  work execution time:[0m
[37m  12.936	           utils	[Debug]	          dji_root_task.c:132  name	                execution time (ms)	  max execution time (ms)[0m
[37m  12.936	           utils	[Debug]	          dji_root_task.c:134  recorderWork                    	1       	1       [0m
[37m  12.936	           utils	[Debug]	          dji_root_task.c:134  flowControllerTask              	1       	1       [0m
[37m  14.001	           utils	[Debug]	          dji_root_task.c:131  work execution time:[0m
[37m  14.001	           utils	[Debug]	          dji_root_task.c:132  name	                execution time (ms)	  max execution time (ms)[0m
[37m  14.001	           utils	[Debug]	          dji_root_task.c:134  recorderWork                    	1       	1       [0m
[37m  14.001	           utils	[Debug]	          dji_root_task.c:134  flowControllerTask              	0       	1       [0m
[37m  15.062	           utils	[Debug]	          dji_root_task.c:131  work execution time:[0m
[37m  15.062	           utils	[Debug]	          dji_root_task.c:132  name	                execution time (ms)	  max execution time (ms)[0m
[37m  15.062	           utils	[Debug]	          dji_root_task.c:134  recorderWork                    	1       	1       [0m
[37m  15.062	           utils	[Debug]	          dji_root_task.c:134  flowControllerTask              	0       	1       [0m
[37m  16.125	           utils	[Debug]	          dji_root_task.c:131  work execution time:[0m
[37m  16.125	           utils	[Debug]	          dji_root_task.c:132  name	                execution time (ms)	  max execution time (ms)[0m
[37m  16.125	           utils	[Debug]	          dji_root_task.c:134  recorderWork                    	1       	1       [0m
[37m  16.125	           utils	[Debug]	          dji_root_task.c:134  flowControllerTask              	0       	1       [0m
[37m  17.189	           utils	[Debug]	          dji_root_task.c:131  work execution time:[0m
[37m  17.189	           utils	[Debug]	          dji_root_task.c:132  name	                execution time (ms)	  max execution time (ms)[0m
[37m  17.189	           utils	[Debug]	          dji_root_task.c:134  recorderWork                    	0       	1       [0m
[37m  17.189	           utils	[Debug]	          dji_root_task.c:134  flowControllerTask              	0       	1       [0m
[37m  18.260	           utils	[Debug]	          dji_root_task.c:131  work execution time:[0m
[37m  18.260	           utils	[Debug]	          dji_root_task.c:132  name	                execution time (ms)	  max execution time (ms)[0m
[37m  18.260	           utils	[Debug]	          dji_root_task.c:134  recorderWork                    	0       	1       [0m
[37m  18.260	           utils	[Debug]	          dji_root_task.c:134  flowControllerTask              	0       	1       [0m
[37m  19.324	           utils	[Debug]	          dji_root_task.c:131  work execution time:[0m
[37m  19.324	           utils	[Debug]	          dji_root_task.c:132  name	                execution time (ms)	  max execution time (ms)[0m
[37m  19.324	           utils	[Debug]	          dji_root_task.c:134  recorderWork                    	0       	1       [0m
[37m  19.324	           utils	[Debug]	          dji_root_task.c:134  flowControllerTask              	0       	1       [0m
[37m  20.388	           utils	[Debug]	          dji_root_task.c:131  work execution time:[0m
[37m  20.388	           utils	[Debug]	          dji_root_task.c:132  name	                execution time (ms)	  max execution time (ms)[0m
[37m  20.388	           utils	[Debug]	          dji_root_task.c:134  recorderWork                    	0       	1       [0m
[37m  20.389	           utils	[Debug]	          dji_root_task.c:134  flowControllerTask              	0       	1       [0m
[37m  21.450	           utils	[Debug]	          dji_root_task.c:131  work execution time:[0m
[37m  21.450	           utils	[Debug]	          dji_root_task.c:132  name	                execution time (ms)	  max execution time (ms)[0m
[37m  21.450	           utils	[Debug]	          dji_root_task.c:134  recorderWork                    	0       	1       [0m
[37m  21.450	           utils	[Debug]	          dji_root_task.c:134  flowControllerTask              	0       	1       [0m
[37m  22.521	           utils	[Debug]	          dji_root_task.c:131  work execution time:[0m
[37m  22.521	           utils	[Debug]	          dji_root_task.c:132  name	                execution time (ms)	  max execution time (ms)[0m
[37m  22.521	           utils	[Debug]	          dji_root_task.c:134  recorderWork                    	0       	1       [0m
[37m  22.521	           utils	[Debug]	          dji_root_task.c:134  flowControllerTask              	0       	1       [0m
[37m  23.596	           utils	[Debug]	          dji_root_task.c:131  work execution time:[0m
[37m  23.596	           utils	[Debug]	          dji_root_task.c:132  name	                execution time (ms)	  max execution time (ms)[0m
[37m  23.596	           utils	[Debug]	          dji_root_task.c:134  recorderWork                    	0       	1       [0m
[37m  23.597	           utils	[Debug]	          dji_root_task.c:134  flowControllerTask              	0       	1       [0m
[37m  24.664	           utils	[Debug]	          dji_root_task.c:131  work execution time:[0m
[37m  24.664	           utils	[Debug]	          dji_root_task.c:132  name	                execution time (ms)	  max execution time (ms)[0m
[37m  24.664	           utils	[Debug]	          dji_root_task.c:134  recorderWork                    	0       	1       [0m
[37m  24.664	           utils	[Debug]	          dji_root_task.c:134  flowControllerTask              	0       	1       [0m
[37m  25.726	           utils	[Debug]	          dji_root_task.c:131  work execution time:[0m
[37m  25.726	           utils	[Debug]	          dji_root_task.c:132  name	                execution time (ms)	  max execution time (ms)[0m
[37m  25.726	           utils	[Debug]	          dji_root_task.c:134  recorderWork                    	1       	1       [0m
[37m  25.726	           utils	[Debug]	          dji_root_task.c:134  flowControllerTask              	0       	1       [0m
[37m  26.790	           utils	[Debug]	          dji_root_task.c:131  work execution time:[0m
[37m  26.790	           utils	[Debug]	          dji_root_task.c:132  name	                execution time (ms)	  max execution time (ms)[0m
[37m  26.790	           utils	[Debug]	          dji_root_task.c:134  recorderWork                    	1       	1       [0m
[37m  26.790	           utils	[Debug]	          dji_root_task.c:134  flowControllerTask              	0       	1       [0m
[37m  27.858	           utils	[Debug]	          dji_root_task.c:131  work execution time:[0m
[37m  27.858	           utils	[Debug]	          dji_root_task.c:132  name	                execution time (ms)	  max execution time (ms)[0m
[37m  27.858	           utils	[Debug]	          dji_root_task.c:134  recorderWork                    	1       	1       [0m
[37m  27.858	           utils	[Debug]	          dji_root_task.c:134  flowControllerTask              	0       	1       [0m
[37m  28.928	           utils	[Debug]	          dji_root_task.c:131  work execution time:[0m
[37m  28.928	           utils	[Debug]	          dji_root_task.c:132  name	                execution time (ms)	  max execution time (ms)[0m
[37m  28.928	           utils	[Debug]	          dji_root_task.c:134  recorderWork                    	0       	1       [0m
[37m  28.928	           utils	[Debug]	          dji_root_task.c:134  flowControllerTask              	1       	1       [0m
[37m  30.011	           utils	[Debug]	          dji_root_task.c:131  work execution time:[0m
[37m  30.011	           utils	[Debug]	          dji_root_task.c:132  name	                execution time (ms)	  max execution time (ms)[0m
[37m  30.011	           utils	[Debug]	          dji_root_task.c:134  recorderWork                    	0       	1       [0m
[37m  30.011	           utils	[Debug]	          dji_root_task.c:134  flowControllerTask              	0       	1       [0m
[37m  31.095	           utils	[Debug]	          dji_root_task.c:131  work execution time:[0m
[37m  31.095	           utils	[Debug]	          dji_root_task.c:132  name	                execution time (ms)	  max execution time (ms)[0m
[37m  31.095	           utils	[Debug]	          dji_root_task.c:134  recorderWork                    	1       	1       [0m
[37m  31.095	           utils	[Debug]	          dji_root_task.c:134  flowControllerTask              	0       	1       [0m
